// Jest Snapshot v1, https://goo.gl/fbAQLP

exports[`<AssetRow /> component should render 1`] = `undefined`;
